// Jest Snapshot v1, https://goo.gl/fbAQLP

exports[`Should render Header correctly 1`] = `
<Fragment>
  <styled.nav>
    <styled.h1>
      Joblify
    </styled.h1>
    <styled.ul>
      <li>
        <NavLink
          activeClassName="
 active"
          aria-current="page"
          className="nav_inactive_menu"
          exact={true}
          to="/dashboard"
        >
          Dashboard
        </NavLink>
      </li>
      <li>
        <NavLink
          activeClassName="active"
          aria-current="page"
          className="nav_inactive_menu"
          to="/create"
        >
          Create
        </NavLink>
      </li>
      <li>
        <NavLink
          activeClassName="active"
          aria-current="page"
          className="nav_inactive_menu"
          to="/help"
        >
          Help
        </NavLink>
      </li>
      <li>
        <a
          className="logout_button"
          onClick={[Function]}
        >
          Logout
        </a>
      </li>
    </styled.ul>
    <styled.button
      onClick={[Function]}
    >
      <styled.span
        open={false}
      />
      <styled.span
        open={false}
      />
      <styled.span
        open={false}
      />
    </styled.button>
  </styled.nav>
  <styled.div
    open={false}
  >
    <styled.ul
      open={false}
    >
      <li>
        <NavLink
          activeClassName="active"
          aria-current="page"
          exact={true}
          onClick={[Function]}
          to="/dashboard"
        >
          Dashboard
        </NavLink>
      </li>
      <li>
        <NavLink
          activeClassName="active"
          aria-current="page"
          onClick={[Function]}
          to="/create"
        >
          Create
        </NavLink>
      </li>
      <li>
        <NavLink
          activeClassName="active"
          aria-current="page"
          onClick={[Function]}
          to="/help"
        >
          Help
        </NavLink>
      </li>
      <li>
        <a
          className="logout_button"
          onClick={[Function]}
        >
          Logout
        </a>
      </li>
    </styled.ul>
  </styled.div>
</Fragment>
`;
