// Jest Snapshot v1, https://goo.gl/fbAQLP

exports[`Should render Job Application List correctly with inputs 1`] = `
<div>
  en-gb
  <h2>
    There are a total of 
    4
     Job Applications listed for the filters selected
  </h2>
  <div
    key="1"
  >
    <Link
      replace={false}
      to="/view/1"
    >
      <h3>
        Company: 
        COMPANY ONE
      </h3>
    </Link>
    <p>
       Role: 
      JOB ONE
       
    </p>
    <p>
      Salary: 
      £10.00
       
    </p>
    <p>
      January 1st, 1970
    </p>
  </div>
  <div
    key="2"
  >
    <Link
      replace={false}
      to="/view/2"
    >
      <h3>
        Company: 
        COMPANY TWO
      </h3>
    </Link>
    <p>
       Role: 
      JOB TWO
       
    </p>
    <p>
      Salary: 
      £20.00
       
    </p>
    <p>
      December 28th, 1969
    </p>
  </div>
  <div
    key="3"
  >
    <Link
      replace={false}
      to="/view/3"
    >
      <h3>
        Company: 
        COMPANY THREE
      </h3>
    </Link>
    <p>
       Role: 
      JOB THREE
       
    </p>
    <p>
      Salary: 
      £05.00
       
    </p>
    <p>
      January 5th, 1970
    </p>
  </div>
  <div
    key="4"
  >
    <Link
      replace={false}
      to="/view/4"
    >
      <h3>
        Company: 
        COMPANY FOUR
      </h3>
    </Link>
    <p>
       Role: 
      JOB FOUR
       
    </p>
    <p>
      Salary: 
      £02.00
       
    </p>
    <p>
      December 25th, 1969
    </p>
  </div>
</div>
`;

exports[`Should render Job Application List correctly with no inputs 1`] = `
<div>
  en-gb
  <h2>
    There are a total of 
    0
     Job Applications listed for the filters selected
  </h2>
</div>
`;
